python.exe : Creating temporary archive of 646 file(s) totalling 
5.1 MiB before compression.
At C:\Users\admin\AppData\Local\Google\Cloud 
SDK\google-cloud-sdk\bin\gcloud.ps1:114 char:3
+   & "$cloudsdk_python" $run_args_array
+   ~~~~~~~~~~~~~~~~~~~~~~~~~~~~~~~~~~~~
    + CategoryInfo          : NotSpecified: (Creating tempor...re  
   compression.:String) [], RemoteException
    + FullyQualifiedErrorId : NativeCommandError
 
Uploading tarball of 
[C:\Users\admin\AppData\Local\Temp\temp_deploy_1547766494] to [gs:/
/advance-block-471015-k4_cloudbuild/source/1758126633.473907-c4126f
1eb06b415aae720dcf881329c8.tgz]
Created [https://cloudbuild.googleapis.com/v1/projects/advance-bloc
k-471015-k4/locations/global/builds/58921f39-4500-4cc1-9c32-41cd48f
44ead].
Logs are available at [ https://console.cloud.google.com/cloud-buil
d/builds/58921f39-4500-4cc1-9c32-41cd48f44ead?project=469438830100 
].
Waiting for build to complete. Polling interval: 1 second(s).
----------------------------- REMOTE BUILD OUTPUT ------------------------------
starting build "58921f39-4500-4cc1-9c32-41cd48f44ead"

FETCHSOURCE
Fetching storage object: gs://advance-block-471015-k4_cloudbuild/source/1758126633.473907-c4126f1eb06b415aae720dcf881329c8.tgz#1758126651637360
Copying gs://advance-block-471015-k4_cloudbuild/source/1758126633.473907-c4126f1eb06b415aae720dcf881329c8.tgz#1758126651637360...
/ [0 files][    0.0 B/  2.1 MiB]                                                
/ [1 files][  2.1 MiB/  2.1 MiB]                                                

Operation completed over 1 objects/2.1 MiB.
BUILD
Already have image (with digest): gcr.io/cloud-builders/docker
Sending build context to Docker daemon  5.978MB


Step 1/8 : FROM node:18-alpine
18-alpine: Pulling from library/node
f18232174bc9: Pulling fs layer
dd71dde834b5: Pulling fs layer
1e5a4c89cee5: Pulling fs layer
25ff2da83641: Pulling fs layer
25ff2da83641: Waiting
1e5a4c89cee5: Verifying Checksum
1e5a4c89cee5: Download complete
f18232174bc9: Verifying Checksum
f18232174bc9: Download complete
25ff2da83641: Verifying Checksum
25ff2da83641: Download complete
dd71dde834b5: Verifying Checksum
dd71dde834b5: Download complete
f18232174bc9: Pull complete
dd71dde834b5: Pull complete
1e5a4c89cee5: Pull complete
25ff2da83641: Pull complete
Digest: sha256:8d6421d663b4c28fd3ebc498332f249011d118945588d0a35cb9bc4b8ca09d9e
Status: Downloaded newer image for node:18-alpine
 ---> ee77c6cd7c18
Step 2/8 : WORKDIR /app
 ---> Running in 6a6a0605147f
Removing intermediate container 6a6a0605147f
 ---> c8acaa8ef9c9
Step 3/8 : COPY server/package*.json ./
 ---> f61312efac30
Step 4/8 : RUN npm install --only=production
 ---> Running in 1237f4924c26
[91mnpm warn config only Use `--omit=dev` to omit dev dependencies from the install.
[0m
added 69 packages, and audited 70 packages in 2s

14 packages are looking for funding
  run `npm fund` for details

found 0 vulnerabilities
[91mnpm notice
npm notice New major version of npm available! 10.8.2 -> 11.6.0
npm notice Changelog: https://github.com/npm/cli/releases/tag/v11.6.0
npm notice To update run: npm install -g npm@11.6.0
npm notice
[0mRemoving intermediate container 1237f4924c26
 ---> e084c565c2b1
Step 5/8 : COPY server/ ./
 ---> 7852b4fcc450
Step 6/8 : ENV PORT=8080
 ---> Running in 0110fcf99678
Removing intermediate container 0110fcf99678
 ---> 90d20be29018
Step 7/8 : EXPOSE 8080
 ---> Running in 0d1796ccc3fe
Removing intermediate container 0d1796ccc3fe
 ---> 5e14f7037f5a
Step 8/8 : CMD ["node","index.js"]
 ---> Running in c97f4bd3daaa
Removing intermediate container c97f4bd3daaa
 ---> 641ef1605995
Successfully built 641ef1605995
Successfully tagged europe-west1-docker.pkg.dev/advance-block-471015-k4/cloud-run-source-deploy/budhgaya.com/budhgaya-com:20250917220031
PUSH
Pushing europe-west1-docker.pkg.dev/advance-block-471015-k4/cloud-run-source-deploy/budhgaya.com/budhgaya-com:20250917220031
The push refers to repository [europe-west1-docker.pkg.dev/advance-block-471015-k4/cloud-run-source-deploy/budhgaya.com/budhgaya-com]
eadf74bc3037: Preparing
129e4c69db5f: Preparing
47a7239f4841: Preparing
3e5f88b64758: Preparing
82140d9a70a7: Preparing
f3b40b0cdb1c: Preparing
0b1f26057bd0: Preparing
08000c18d16d: Preparing
f3b40b0cdb1c: Waiting
0b1f26057bd0: Waiting
08000c18d16d: Waiting
82140d9a70a7: Layer already exists
f3b40b0cdb1c: Layer already exists
0b1f26057bd0: Layer already exists
3e5f88b64758: Pushed
08000c18d16d: Layer already exists
eadf74bc3037: Pushed
129e4c69db5f: Pushed
47a7239f4841: Pushed
20250917220031: digest: sha256:7aee6da3ffbcc6263025d2eb250b2433a0561f99c54e6caeca035c99fb86cc41 size: 1995
DONE
--------------------------------------------------------------------------------
ID                                    CREATE_TIME                DURATION  SOURCE                                                                                                 IMAGES                                                                                                                STATUS
58921f39-4500-4cc1-9c32-41cd48f44ead  2025-09-17T16:30:53+00:00  24S       gs://advance-block-471015-k4_cloudbuild/source/1758126633.473907-c4126f1eb06b415aae720dcf881329c8.tgz  europe-west1-docker.pkg.dev/advance-block-471015-k4/cloud-run-source-deploy/budhgaya.com/budhgaya-com:20250917220031  SUCCESS
